../Core/Src/main.c:108:5:main	8	static
../Core/Src/main.c:196:6:SystemClock_Config	88	static
../Core/Src/main.c:243:13:MX_ADC1_Init	24	static
../Core/Src/main.c:304:13:MX_TIM1_Init	80	static
../Core/Src/main.c:369:13:MX_TIM2_Init	48	static
../Core/Src/main.c:418:13:MX_TIM3_Init	48	static
../Core/Src/main.c:476:13:MX_TIM4_Init	48	static
../Core/Src/main.c:529:13:MX_USART2_UART_Init	8	static
../Core/Src/main.c:562:13:MX_USART6_UART_Init	8	static
../Core/Src/main.c:593:13:MX_DMA_Init	16	static
../Core/Src/main.c:611:13:MX_GPIO_Init	48	static
../Core/Src/main.c:667:6:HAL_TIM_IC_CaptureCallback	16	static
../Core/Src/main.c:704:6:gogo	8	static
../Core/Src/main.c:711:6:dele	8	static
../Core/Src/main.c:719:6:rotate	8	static
../Core/Src/main.c:728:6:HCSR04_Read	8	static
../Core/Src/main.c:746:6:DrivingTask_Init	16	static
../Core/Src/main.c:794:6:flameTask_Init	16	static
../Core/Src/main.c:817:6:Error_Handler	4	static,ignoring_inline_asm
